Copyright 1986-2017 Xilinx, Inc. All Rights Reserved.
---------------------------------------------------------------------------------------------------------------------------------
| Tool Version : Vivado v.2017.3 (win64) Build 2018833 Wed Oct  4 19:58:22 MDT 2017
| Date         : Fri Oct  2 21:11:38 2026
| Host         : DESKTOP-08KQHMF running 64-bit major release  (build 9200)
| Command      : report_timing_summary -file top_timing_summary_routed.rpt -warn_on_violation -rpx top_timing_summary_routed.rpx
| Design       : top
| Device       : 7s50-csga324
| Speed File   : -1  PRODUCTION 1.19 2017-08-24
---------------------------------------------------------------------------------------------------------------------------------

Timing Summary Report

------------------------------------------------------------------------------------------------
| Timer Settings
| --------------
------------------------------------------------------------------------------------------------

  Enable Multi Corner Analysis               :  Yes
  Enable Pessimism Removal                   :  Yes
  Pessimism Removal Resolution               :  Nearest Common Node
  Enable Input Delay Default Clock           :  No
  Enable Preset / Clear Arcs                 :  No
  Disable Flight Delays                      :  No
  Ignore I/O Paths                           :  No
  Timing Early Launch at Borrowing Latches   :  false

  Corner  Analyze    Analyze    
  Name    Max Paths  Min Paths  
  ------  ---------  ---------  
  Slow    Yes        Yes        
  Fast    Yes        Yes        



check_timing report

Table of Contents
-----------------
1. checking no_clock
2. checking constant_clock
3. checking pulse_width_clock
4. checking unconstrained_internal_endpoints
5. checking no_input_delay
6. checking no_output_delay
7. checking multiple_clock
8. checking generated_clocks
9. checking loops
10. checking partial_input_delay
11. checking partial_output_delay
12. checking latch_loops

1. checking no_clock
--------------------
 There are 0 register/latch pins with no clock.


2. checking constant_clock
--------------------------
 There are 0 register/latch pins with constant_clock.


3. checking pulse_width_clock
-----------------------------
 There are 0 register/latch pins which need pulse_width check


4. checking unconstrained_internal_endpoints
--------------------------------------------
 There are 0 pins that are not constrained for maximum delay.

 There are 0 pins that are not constrained for maximum delay due to constant clock.


5. checking no_input_delay
--------------------------
 There are 6 input ports with no input delay specified. (HIGH)

 There are 0 input ports with no input delay but user has a false path constraint.


6. checking no_output_delay
---------------------------
 There are 5 ports with no output delay specified. (HIGH)

 There are 0 ports with no output delay but user has a false path constraint

 There are 0 ports with no output delay but with a timing clock defined on it or propagating through it


7. checking multiple_clock
--------------------------
 There are 428 register/latch pins with multiple clocks. (HIGH)


8. checking generated_clocks
----------------------------
 There are 0 generated clocks that are not connected to a clock source.


9. checking loops
-----------------
 There are 0 combinational loops in the design.


10. checking partial_input_delay
--------------------------------
 There are 0 input ports with partial input delay specified.


11. checking partial_output_delay
---------------------------------
 There are 0 ports with partial output delay specified.


12. checking latch_loops
------------------------
 There are 0 combinational latch loops in the design through latch input



------------------------------------------------------------------------------------------------
| Design Timing Summary
| ---------------------
------------------------------------------------------------------------------------------------

    WNS(ns)      TNS(ns)  TNS Failing Endpoints  TNS Total Endpoints      WHS(ns)      THS(ns)  THS Failing Endpoints  THS Total Endpoints     WPWS(ns)     TPWS(ns)  TPWS Failing Endpoints  TPWS Total Endpoints  
    -------      -------  ---------------------  -------------------      -------      -------  ---------------------  -------------------     --------     --------  ----------------------  --------------------  
     20.174        0.000                      0                 2366        0.006        0.000                      0                 2366        3.000        0.000                       0                   434  


All user specified timing constraints are met.


------------------------------------------------------------------------------------------------
| Clock Summary
| -------------
------------------------------------------------------------------------------------------------

Clock                   Waveform(ns)       Period(ns)      Frequency(MHz)
-----                   ------------       ----------      --------------
clk                     {0.000 5.000}      10.000          100.000         
  axis_clk_clk_wiz_0    {0.000 22.134}     44.267          22.590          
  clkfbout_clk_wiz_0    {0.000 30.000}     60.000          16.667          
sys_clk_pin             {0.000 5.000}      10.000          100.000         
  axis_clk_clk_wiz_0_1  {0.000 22.134}     44.267          22.590          
  clkfbout_clk_wiz_0_1  {0.000 30.000}     60.000          16.667          


------------------------------------------------------------------------------------------------
| Intra Clock Table
| -----------------
------------------------------------------------------------------------------------------------

Clock                       WNS(ns)      TNS(ns)  TNS Failing Endpoints  TNS Total Endpoints      WHS(ns)      THS(ns)  THS Failing Endpoints  THS Total Endpoints     WPWS(ns)     TPWS(ns)  TPWS Failing Endpoints  TPWS Total Endpoints  
-----                       -------      -------  ---------------------  -------------------      -------      -------  ---------------------  -------------------     --------     --------  ----------------------  --------------------  
clk                                                                                                                                                                       3.000        0.000                       0                     1  
  axis_clk_clk_wiz_0         20.174        0.000                      0                 2366        0.220        0.000                      0                 2366       21.634        0.000                       0                   430  
  clkfbout_clk_wiz_0                                                                                                                                                     40.000        0.000                       0                     3  
sys_clk_pin                                                                                                                                                               3.000        0.000                       0                     1  
  axis_clk_clk_wiz_0_1       20.182        0.000                      0                 2366        0.220        0.000                      0                 2366       21.634        0.000                       0                   430  
  clkfbout_clk_wiz_0_1                                                                                                                                                   40.000        0.000                       0                     3  


------------------------------------------------------------------------------------------------
| Inter Clock Table
| -----------------
------------------------------------------------------------------------------------------------

From Clock            To Clock                  WNS(ns)      TNS(ns)  TNS Failing Endpoints  TNS Total Endpoints      WHS(ns)      THS(ns)  THS Failing Endpoints  THS Total Endpoints  
----------            --------                  -------      -------  ---------------------  -------------------      -------      -------  ---------------------  -------------------  
axis_clk_clk_wiz_0_1  axis_clk_clk_wiz_0         20.174        0.000                      0                 2366        0.006        0.000                      0                 2366  
axis_clk_clk_wiz_0    axis_clk_clk_wiz_0_1       20.174        0.000                      0                 2366        0.006        0.000                      0                 2366  


------------------------------------------------------------------------------------------------
| Other Path Groups Table
| -----------------------
------------------------------------------------------------------------------------------------

Path Group    From Clock    To Clock          WNS(ns)      TNS(ns)  TNS Failing Endpoints  TNS Total Endpoints      WHS(ns)      THS(ns)  THS Failing Endpoints  THS Total Endpoints  
----------    ----------    --------          -------      -------  ---------------------  -------------------      -------      -------  ---------------------  -------------------  


------------------------------------------------------------------------------------------------
| Timing Details
| --------------
------------------------------------------------------------------------------------------------


---------------------------------------------------------------------------------------------------
From Clock:  clk
  To Clock:  clk

Setup :           NA  Failing Endpoints,  Worst Slack           NA  ,  Total Violation           NA
Hold  :           NA  Failing Endpoints,  Worst Slack           NA  ,  Total Violation           NA
PW    :            0  Failing Endpoints,  Worst Slack        3.000ns,  Total Violation        0.000ns
---------------------------------------------------------------------------------------------------


Pulse Width Checks
--------------------------------------------------------------------------------------
Clock Name:         clk
Waveform(ns):       { 0.000 5.000 }
Period(ns):         10.000
Sources:            { clk }

Check Type        Corner  Lib Pin            Reference Pin  Required(ns)  Actual(ns)  Slack(ns)  Location         Pin
Min Period        n/a     MMCME2_ADV/CLKIN1  n/a            1.249         10.000      8.751      MMCME2_ADV_X1Y0  m_clk/inst/mmcm_adv_inst/CLKIN1
Max Period        n/a     MMCME2_ADV/CLKIN1  n/a            100.000       10.000      90.000     MMCME2_ADV_X1Y0  m_clk/inst/mmcm_adv_inst/CLKIN1
Low Pulse Width   Slow    MMCME2_ADV/CLKIN1  n/a            2.000         5.000       3.000      MMCME2_ADV_X1Y0  m_clk/inst/mmcm_adv_inst/CLKIN1
High Pulse Width  Slow    MMCME2_ADV/CLKIN1  n/a            2.000         5.000       3.000      MMCME2_ADV_X1Y0  m_clk/inst/mmcm_adv_inst/CLKIN1



---------------------------------------------------------------------------------------------------
From Clock:  axis_clk_clk_wiz_0
  To Clock:  axis_clk_clk_wiz_0

Setup :            0  Failing Endpoints,  Worst Slack       20.174ns,  Total Violation        0.000ns
Hold  :            0  Failing Endpoints,  Worst Slack        0.220ns,  Total Violation        0.000ns
PW    :            0  Failing Endpoints,  Worst Slack       21.634ns,  Total Violation        0.000ns
---------------------------------------------------------------------------------------------------


Max Delay Paths
--------------------------------------------------------------------------------------
Slack (MET) :             20.174ns  (required time - arrival time)
  Source:                 m_dd8_effect/u_dd8_core/delay_mem_reg_0_0/CLKBWRCLK
                            (rising edge-triggered cell RAMB36E1 clocked by axis_clk_clk_wiz_0  {rise@0.000ns fall@22.134ns period=44.267ns})
  Destination:            m_i2s2/tx_data_l_reg[2]/D
                            (rising edge-triggered cell FDRE clocked by axis_clk_clk_wiz_0  {rise@0.000ns fall@22.134ns period=44.267ns})
  Path Group:             axis_clk_clk_wiz_0
  Path Type:              Setup (Max at Slow Process Corner)
  Requirement:            44.267ns  (axis_clk_clk_wiz_0 rise@44.267ns - axis_clk_clk_wiz_0 rise@0.000ns)
  Data Path Delay:        23.665ns  (logic 12.186ns (51.494%)  route 11.479ns (48.506%))
  Logic Levels:           21  (CARRY4=13 DSP48E1=1 LUT1=1 LUT2=1 LUT4=1 LUT5=2 LUT6=1 RAMB36E1=1)
  Clock Path Skew:        -0.157ns (DCD - SCD + CPR)
    Destination Clock Delay (DCD):    -2.122ns = ( 42.145 - 44.267 ) 
    Source Clock Delay      (SCD):    -1.503ns
    Clock Pessimism Removal (CPR):    0.461ns
  Clock Uncertainty:      0.213ns  ((TSJ^2 + DJ^2)^1/2) / 2 + PE
    Total System Jitter     (TSJ):    0.071ns
    Discrete Jitter          (DJ):    0.421ns
    Phase Error              (PE):    0.000ns

    Location             Delay type                Incr(ns)  Path(ns)    Netlist Resource(s)
  -------------------------------------------------------------------    -------------------
                         (clock axis_clk_clk_wiz_0 rise edge)
                                                      0.000     0.000 r  
    R2                                                0.000     0.000 r  clk (IN)
                         net (fo=0)                   0.000     0.000    m_clk/inst/clk_in1
    R2                   IBUF (Prop_ibuf_I_O)         0.854     0.854 r  m_clk/inst/clkin1_ibufg/O
                         net (fo=1, routed)           1.233     2.087    m_clk/inst/clk_in1_clk_wiz_0
    MMCME2_ADV_X1Y0      MMCME2_ADV (Prop_mmcme2_adv_CLKIN1_CLKOUT0)
                                                     -6.961    -4.873 r  m_clk/inst/mmcm_adv_inst/CLKOUT0
                         net (fo=1, routed)           1.661    -3.212    m_clk/inst/axis_clk_clk_wiz_0
    BUFGCTRL_X0Y0        BUFG (Prop_bufg_I_O)         0.096    -3.116 r  m_clk/inst/clkout1_buf/O
                         net (fo=430, routed)         1.613    -1.503    m_dd8_effect/u_dd8_core/axis_clk
    RAMB36_X0Y0          RAMB36E1                                     r  m_dd8_effect/u_dd8_core/delay_mem_reg_0_0/CLKBWRCLK
  -------------------------------------------------------------------    -------------------
    RAMB36_X0Y0          RAMB36E1 (Prop_ramb36e1_CLKBWRCLK_CASCADEOUTB)
                                                      2.872     1.369 r  m_dd8_effect/u_dd8_core/delay_mem_reg_0_0/CASCADEOUTB
                         net (fo=1, routed)           0.065     1.434    m_dd8_effect/u_dd8_core/delay_mem_reg_0_0_n_20
    RAMB36_X0Y1          RAMB36E1 (Prop_ramb36e1_CASCADEINB_DOBDO[0])
                                                      0.425     1.859 f  m_dd8_effect/u_dd8_core/delay_mem_reg_1_0/DOBDO[0]
                         net (fo=5, routed)           3.315     5.175    m_dd8_effect/u_dd8_core/delayed_now[0]
    SLICE_X34Y39         LUT1 (Prop_lut1_I0_O)        0.124     5.299 r  m_dd8_effect/u_dd8_core/i__carry_i_10/O
                         net (fo=1, routed)           0.505     5.804    m_dd8_effect/u_dd8_core/i__carry_i_10_n_0
    SLICE_X29Y39         CARRY4 (Prop_carry4_CYINIT_CO[3])
                                                      0.580     6.384 r  m_dd8_effect/u_dd8_core/i__carry_i_9/CO[3]
                         net (fo=1, routed)           0.000     6.384    m_dd8_effect/u_dd8_core/i__carry_i_9_n_0
    SLICE_X29Y40         CARRY4 (Prop_carry4_CI_CO[3])
                                                      0.114     6.498 r  m_dd8_effect/u_dd8_core/i__carry__0_i_9/CO[3]
                         net (fo=1, routed)           0.000     6.498    m_dd8_effect/u_dd8_core/i__carry__0_i_9_n_0
    SLICE_X29Y41         CARRY4 (Prop_carry4_CI_O[1])
                                                      0.334     6.832 r  m_dd8_effect/u_dd8_core/i__carry__1_i_9/O[1]
                         net (fo=2, routed)           0.629     7.461    m_dd8_effect/u_dd8_core/wet_rep3[10]
    SLICE_X35Y41         LUT5 (Prop_lut5_I2_O)        0.303     7.764 r  m_dd8_effect/u_dd8_core/i__carry__1_i_3/O
                         net (fo=1, routed)           0.481     8.245    m_dd8_effect/u_dd8_core/i__carry__1_i_3_n_0
    SLICE_X32Y41         CARRY4 (Prop_carry4_DI[1]_CO[3])
                                                      0.507     8.752 r  m_dd8_effect/u_dd8_core/_inferred__3/i__carry__1/CO[3]
                         net (fo=1, routed)           0.000     8.752    m_dd8_effect/u_dd8_core/_inferred__3/i__carry__1_n_0
    SLICE_X32Y42         CARRY4 (Prop_carry4_CI_O[2])
                                                      0.239     8.991 r  m_dd8_effect/u_dd8_core/_inferred__3/i__carry__2/O[2]
                         net (fo=1, routed)           0.959     9.950    m_dd8_effect/u_dd8_core/data3[14]
    SLICE_X28Y43         LUT6 (Prop_lut6_I0_O)        0.302    10.252 r  m_dd8_effect/u_dd8_core/wet_mult_i_10/O
                         net (fo=1, routed)           0.955    11.208    m_dd8_effect/u_dd8_core/wet_rep[14]
    DSP48_X0Y17          DSP48E1 (Prop_dsp48e1_A[14]_P[4])
                                                      3.841    15.049 r  m_dd8_effect/u_dd8_core/wet_mult/P[4]
                         net (fo=1, routed)           1.463    16.512    m_i2s2/P[1]
    SLICE_X34Y40         LUT4 (Prop_lut4_I3_O)        0.124    16.636 r  m_i2s2/out_sum_carry_i_7/O
                         net (fo=1, routed)           0.000    16.636    m_dd8_effect/u_dd8_core/S[1]
    SLICE_X34Y40         CARRY4 (Prop_carry4_S[1]_CO[3])
                                                      0.533    17.169 r  m_dd8_effect/u_dd8_core/out_sum_carry/CO[3]
                         net (fo=1, routed)           0.000    17.169    m_dd8_effect/u_dd8_core/out_sum_carry_n_0
    SLICE_X34Y41         CARRY4 (Prop_carry4_CI_CO[3])
                                                      0.117    17.286 r  m_dd8_effect/u_dd8_core/out_sum_carry__0/CO[3]
                         net (fo=1, routed)           0.000    17.286    m_dd8_effect/u_dd8_core/out_sum_carry__0_n_0
    SLICE_X34Y42         CARRY4 (Prop_carry4_CI_CO[3])
                                                      0.117    17.403 r  m_dd8_effect/u_dd8_core/out_sum_carry__1/CO[3]
                         net (fo=1, routed)           0.000    17.403    m_dd8_effect/u_dd8_core/out_sum_carry__1_n_0
    SLICE_X34Y43         CARRY4 (Prop_carry4_CI_CO[3])
                                                      0.117    17.520 r  m_dd8_effect/u_dd8_core/out_sum_carry__2/CO[3]
                         net (fo=1, routed)           0.000    17.520    m_dd8_effect/u_dd8_core/out_sum_carry__2_n_0
    SLICE_X34Y44         CARRY4 (Prop_carry4_CI_CO[3])
                                                      0.117    17.637 r  m_dd8_effect/u_dd8_core/out_sum_carry__3/CO[3]
                         net (fo=1, routed)           0.000    17.637    m_dd8_effect/u_dd8_core/out_sum_carry__3_n_0
    SLICE_X34Y45         CARRY4 (Prop_carry4_CI_CO[3])
                                                      0.117    17.754 r  m_dd8_effect/u_dd8_core/out_sum_carry__4/CO[3]
                         net (fo=1, routed)           0.000    17.754    m_dd8_effect/u_dd8_core/out_sum_carry__4_n_0
    SLICE_X34Y46         CARRY4 (Prop_carry4_CI_O[1])
                                                      0.323    18.077 f  m_dd8_effect/u_dd8_core/out_sum_carry__5/O[1]
                         net (fo=4, routed)           0.816    18.893    m_dd8_effect/u_dd8_core/out_sum_carry__5_n_6
    SLICE_X35Y47         LUT2 (Prop_lut2_I0_O)        0.306    19.199 r  m_dd8_effect/u_dd8_core/i__carry_i_3__0/O
                         net (fo=1, routed)           0.000    19.199    m_dd8_effect/u_dd8_core/i__carry_i_3__0_n_0
    SLICE_X35Y47         CARRY4 (Prop_carry4_S[1]_CO[3])
                                                      0.550    19.749 r  m_dd8_effect/u_dd8_core/dd8_out1_inferred__0/i__carry/CO[3]
                         net (fo=24, routed)          1.426    21.175    m_dd8_effect/u_dd8_core/dd8_out10_in
    SLICE_X36Y41         LUT5 (Prop_lut5_I0_O)        0.124    21.299 r  m_dd8_effect/u_dd8_core/tx_data_l[2]_i_1/O
                         net (fo=2, routed)           0.862    22.162    m_i2s2/rx_data_r_reg[23]_0[2]
    SLICE_X41Y43         FDRE                                         r  m_i2s2/tx_data_l_reg[2]/D
  -------------------------------------------------------------------    -------------------

                         (clock axis_clk_clk_wiz_0 rise edge)
                                                     44.267    44.267 r  
    R2                                                0.000    44.267 r  clk (IN)
                         net (fo=0)                   0.000    44.267    m_clk/inst/clk_in1
    R2                   IBUF (Prop_ibuf_I_O)         0.814    45.081 r  m_clk/inst/clkin1_ibufg/O
                         net (fo=1, routed)           1.162    46.243    m_clk/inst/clk_in1_clk_wiz_0
    MMCME2_ADV_X1Y0      MMCME2_ADV (Prop_mmcme2_adv_CLKIN1_CLKOUT0)
                                                     -7.217    39.026 r  m_clk/inst/mmcm_adv_inst/CLKOUT0
                         net (fo=1, routed)           1.581    40.607    m_clk/inst/axis_clk_clk_wiz_0
    BUFGCTRL_X0Y0        BUFG (Prop_bufg_I_O)         0.091    40.698 r  m_clk/inst/clkout1_buf/O
                         net (fo=430, routed)         1.447    42.145    m_i2s2/axis_clk
    SLICE_X41Y43         FDRE                                         r  m_i2s2/tx_data_l_reg[2]/C
                         clock pessimism              0.461    42.607    
                         clock uncertainty           -0.213    42.393    
    SLICE_X41Y43         FDRE (Setup_fdre_C_D)       -0.058    42.335    m_i2s2/tx_data_l_reg[2]
  -------------------------------------------------------------------
                         required time                         42.335    
                         arrival time                         -22.162    
  -------------------------------------------------------------------
                         slack                                 20.174    





Min Delay Paths
--------------------------------------------------------------------------------------
Slack (MET) :             0.220ns  (arrival time - required time)
  Source:                 m_i2s2/tx_data_l_reg[5]/C
                            (rising edge-triggered cell FDRE clocked by axis_clk_clk_wiz_0  {rise@0.000ns fall@22.134ns period=44.267ns})
  Destination:            m_i2s2/tx_data_l_shift_reg[5]/D
                            (rising edge-triggered cell FDRE clocked by axis_clk_clk_wiz_0  {rise@0.000ns fall@22.134ns period=44.267ns})
  Path Group:             axis_clk_clk_wiz_0
  Path Type:              Hold (Min at Fast Process Corner)
  Requirement:            0.000ns  (axis_clk_clk_wiz_0 rise@0.000ns - axis_clk_clk_wiz_0 rise@0.000ns)
  Data Path Delay:        0.357ns  (logic 0.227ns (63.624%)  route 0.130ns (36.376%))
  Logic Levels:           1  (LUT3=1)
  Clock Path Skew:        0.016ns (DCD - SCD - CPR)
    Destination Clock Delay (DCD):    -0.921ns
    Source Clock Delay      (SCD):    -0.525ns
    Clock Pessimism Removal (CPR):    -0.412ns

    Location             Delay type                Incr(ns)  Path(ns)    Netlist Resource(s)
  -------------------------------------------------------------------    -------------------
                         (clock axis_clk_clk_wiz_0 rise edge)
                                                      0.000     0.000 r  
    R2                                                0.000     0.000 r  clk (IN)
                         net (fo=0)                   0.000     0.000    m_clk/inst/clk_in1
    R2                   IBUF (Prop_ibuf_I_O)         0.320     0.320 r  m_clk/inst/clkin1_ibufg/O
                         net (fo=1, routed)           0.440     0.760    m_clk/inst/clk_in1_clk_wiz_0
    MMCME2_ADV_X1Y0      MMCME2_ADV (Prop_mmcme2_adv_CLKIN1_CLKOUT0)
                                                     -2.360    -1.600 r  m_clk/inst/mmcm_adv_inst/CLKOUT0
                         net (fo=1, routed)           0.486    -1.114    m_clk/inst/axis_clk_clk_wiz_0
    BUFGCTRL_X0Y0        BUFG (Prop_bufg_I_O)         0.026    -1.088 r  m_clk/inst/clkout1_buf/O
                         net (fo=430, routed)         0.563    -0.525    m_i2s2/axis_clk
    SLICE_X41Y43         FDRE                                         r  m_i2s2/tx_data_l_reg[5]/C
  -------------------------------------------------------------------    -------------------
    SLICE_X41Y43         FDRE (Prop_fdre_C_Q)         0.128    -0.397 r  m_i2s2/tx_data_l_reg[5]/Q
                         net (fo=1, routed)           0.130    -0.267    m_i2s2/tx_data_l[5]
    SLICE_X42Y43         LUT3 (Prop_lut3_I0_O)        0.099    -0.168 r  m_i2s2/tx_data_l_shift[5]_i_1/O
                         net (fo=1, routed)           0.000    -0.168    m_i2s2/tx_data_l_shift[5]_i_1_n_0
    SLICE_X42Y43         FDRE                                         r  m_i2s2/tx_data_l_shift_reg[5]/D
  -------------------------------------------------------------------    -------------------

                         (clock axis_clk_clk_wiz_0 rise edge)
                                                      0.000     0.000 r  
    R2                                                0.000     0.000 r  clk (IN)
                         net (fo=0)                   0.000     0.000    m_clk/inst/clk_in1
    R2                   IBUF (Prop_ibuf_I_O)         0.350     0.350 r  m_clk/inst/clkin1_ibufg/O
                         net (fo=1, routed)           0.480     0.830    m_clk/inst/clk_in1_clk_wiz_0
    MMCME2_ADV_X1Y0      MMCME2_ADV (Prop_mmcme2_adv_CLKIN1_CLKOUT0)
                                                     -3.142    -2.312 r  m_clk/inst/mmcm_adv_inst/CLKOUT0
                         net (fo=1, routed)           0.530    -1.782    m_clk/inst/axis_clk_clk_wiz_0
    BUFGCTRL_X0Y0        BUFG (Prop_bufg_I_O)         0.029    -1.753 r  m_clk/inst/clkout1_buf/O
                         net (fo=430, routed)         0.833    -0.921    m_i2s2/axis_clk
    SLICE_X42Y43         FDRE                                         r  m_i2s2/tx_data_l_shift_reg[5]/C
                         clock pessimism              0.412    -0.509    
    SLICE_X42Y43         FDRE (Hold_fdre_C_D)         0.121    -0.388    m_i2s2/tx_data_l_shift_reg[5]
  -------------------------------------------------------------------
                         required time                          0.388    
                         arrival time                          -0.168    
  -------------------------------------------------------------------
                         slack                                  0.220    





Pulse Width Checks
--------------------------------------------------------------------------------------
Clock Name:         axis_clk_clk_wiz_0
Waveform(ns):       { 0.000 22.134 }
Period(ns):         44.267
Sources:            { m_clk/inst/mmcm_adv_inst/CLKOUT0 }

Check Type        Corner  Lib Pin             Reference Pin  Required(ns)  Actual(ns)  Slack(ns)  Location         Pin
Min Period        n/a     RAMB36E1/CLKARDCLK  n/a            3.363         44.267      40.904     RAMB36_X1Y15     m_dd8_effect/u_dd8_core/delay_mem_reg_0_15/CLKARDCLK
Max Period        n/a     MMCME2_ADV/CLKOUT0  n/a            213.360       44.267      169.093    MMCME2_ADV_X1Y0  m_clk/inst/mmcm_adv_inst/CLKOUT0
Low Pulse Width   Slow    FDRE/C              n/a            0.500         22.134      21.634     SLICE_X47Y44     m_dd8_effect/u_dd8_core/wr_ptr_reg[0]/C
High Pulse Width  Fast    FDRE/C              n/a            0.500         22.134      21.634     SLICE_X38Y35     m_dd8_effect/u_dd8_core/lfo_phase_reg[10]/C



---------------------------------------------------------------------------------------------------
From Clock:  clkfbout_clk_wiz_0
  To Clock:  clkfbout_clk_wiz_0

Setup :           NA  Failing Endpoints,  Worst Slack           NA  ,  Total Violation           NA
Hold  :           NA  Failing Endpoints,  Worst Slack           NA  ,  Total Violation           NA
PW    :            0  Failing Endpoints,  Worst Slack       40.000ns,  Total Violation        0.000ns
---------------------------------------------------------------------------------------------------


Pulse Width Checks
--------------------------------------------------------------------------------------
Clock Name:         clkfbout_clk_wiz_0
Waveform(ns):       { 0.000 30.000 }
Period(ns):         60.000
Sources:            { m_clk/inst/mmcm_adv_inst/CLKFBOUT }

Check Type  Corner  Lib Pin             Reference Pin  Required(ns)  Actual(ns)  Slack(ns)  Location         Pin
Min Period  n/a     BUFG/I              n/a            2.155         60.000      57.845     BUFGCTRL_X0Y1    m_clk/inst/clkf_buf/I
Max Period  n/a     MMCME2_ADV/CLKFBIN  n/a            100.000       60.000      40.000     MMCME2_ADV_X1Y0  m_clk/inst/mmcm_adv_inst/CLKFBIN



---------------------------------------------------------------------------------------------------
From Clock:  sys_clk_pin
  To Clock:  sys_clk_pin

Setup :           NA  Failing Endpoints,  Worst Slack           NA  ,  Total Violation           NA
Hold  :           NA  Failing Endpoints,  Worst Slack           NA  ,  Total Violation           NA
PW    :            0  Failing Endpoints,  Worst Slack        3.000ns,  Total Violation        0.000ns
---------------------------------------------------------------------------------------------------


Pulse Width Checks
--------------------------------------------------------------------------------------
Clock Name:         sys_clk_pin
Waveform(ns):       { 0.000 5.000 }
Period(ns):         10.000
Sources:            { clk }

Check Type        Corner  Lib Pin            Reference Pin  Required(ns)  Actual(ns)  Slack(ns)  Location         Pin
Min Period        n/a     MMCME2_ADV/CLKIN1  n/a            1.249         10.000      8.751      MMCME2_ADV_X1Y0  m_clk/inst/mmcm_adv_inst/CLKIN1
Max Period        n/a     MMCME2_ADV/CLKIN1  n/a            100.000       10.000      90.000     MMCME2_ADV_X1Y0  m_clk/inst/mmcm_adv_inst/CLKIN1
Low Pulse Width   Slow    MMCME2_ADV/CLKIN1  n/a            2.000         5.000       3.000      MMCME2_ADV_X1Y0  m_clk/inst/mmcm_adv_inst/CLKIN1
High Pulse Width  Slow    MMCME2_ADV/CLKIN1  n/a            2.000         5.000       3.000      MMCME2_ADV_X1Y0  m_clk/inst/mmcm_adv_inst/CLKIN1



---------------------------------------------------------------------------------------------------
From Clock:  axis_clk_clk_wiz_0_1
  To Clock:  axis_clk_clk_wiz_0_1

Setup :            0  Failing Endpoints,  Worst Slack       20.182ns,  Total Violation        0.000ns
Hold  :            0  Failing Endpoints,  Worst Slack        0.220ns,  Total Violation        0.000ns
PW    :            0  Failing Endpoints,  Worst Slack       21.634ns,  Total Violation        0.000ns
---------------------------------------------------------------------------------------------------


Max Delay Paths
--------------------------------------------------------------------------------------
Slack (MET) :             20.182ns  (required time - arrival time)
  Source:                 m_dd8_effect/u_dd8_core/delay_mem_reg_0_0/CLKBWRCLK
                            (rising edge-triggered cell RAMB36E1 clocked by axis_clk_clk_wiz_0_1  {rise@0.000ns fall@22.134ns period=44.267ns})
  Destination:            m_i2s2/tx_data_l_reg[2]/D
                            (rising edge-triggered cell FDRE clocked by axis_clk_clk_wiz_0_1  {rise@0.000ns fall@22.134ns period=44.267ns})
  Path Group:             axis_clk_clk_wiz_0_1
  Path Type:              Setup (Max at Slow Process Corner)
  Requirement:            44.267ns  (axis_clk_clk_wiz_0_1 rise@44.267ns - axis_clk_clk_wiz_0_1 rise@0.000ns)
  Data Path Delay:        23.665ns  (logic 12.186ns (51.494%)  route 11.479ns (48.506%))
  Logic Levels:           21  (CARRY4=13 DSP48E1=1 LUT1=1 LUT2=1 LUT4=1 LUT5=2 LUT6=1 RAMB36E1=1)
  Clock Path Skew:        -0.157ns (DCD - SCD + CPR)
    Destination Clock Delay (DCD):    -2.122ns = ( 42.145 - 44.267 ) 
    Source Clock Delay      (SCD):    -1.503ns
    Clock Pessimism Removal (CPR):    0.461ns
  Clock Uncertainty:      0.205ns  ((TSJ^2 + DJ^2)^1/2) / 2 + PE
    Total System Jitter     (TSJ):    0.071ns
    Discrete Jitter          (DJ):    0.404ns
    Phase Error              (PE):    0.000ns

    Location             Delay type                Incr(ns)  Path(ns)    Netlist Resource(s)
  -------------------------------------------------------------------    -------------------
                         (clock axis_clk_clk_wiz_0_1 rise edge)
                                                      0.000     0.000 r  
    R2                                                0.000     0.000 r  clk (IN)
                         net (fo=0)                   0.000     0.000    m_clk/inst/clk_in1
    R2                   IBUF (Prop_ibuf_I_O)         0.854     0.854 r  m_clk/inst/clkin1_ibufg/O
                         net (fo=1, routed)           1.233     2.087    m_clk/inst/clk_in1_clk_wiz_0
    MMCME2_ADV_X1Y0      MMCME2_ADV (Prop_mmcme2_adv_CLKIN1_CLKOUT0)
                                                     -6.961    -4.873 r  m_clk/inst/mmcm_adv_inst/CLKOUT0
                         net (fo=1, routed)           1.661    -3.212    m_clk/inst/axis_clk_clk_wiz_0
    BUFGCTRL_X0Y0        BUFG (Prop_bufg_I_O)         0.096    -3.116 r  m_clk/inst/clkout1_buf/O
                         net (fo=430, routed)         1.613    -1.503    m_dd8_effect/u_dd8_core/axis_clk
    RAMB36_X0Y0          RAMB36E1                                     r  m_dd8_effect/u_dd8_core/delay_mem_reg_0_0/CLKBWRCLK
  -------------------------------------------------------------------    -------------------
    RAMB36_X0Y0          RAMB36E1 (Prop_ramb36e1_CLKBWRCLK_CASCADEOUTB)
                                                      2.872     1.369 r  m_dd8_effect/u_dd8_core/delay_mem_reg_0_0/CASCADEOUTB
                         net (fo=1, routed)           0.065     1.434    m_dd8_effect/u_dd8_core/delay_mem_reg_0_0_n_20
    RAMB36_X0Y1          RAMB36E1 (Prop_ramb36e1_CASCADEINB_DOBDO[0])
                                                      0.425     1.859 f  m_dd8_effect/u_dd8_core/delay_mem_reg_1_0/DOBDO[0]
                         net (fo=5, routed)           3.315     5.175    m_dd8_effect/u_dd8_core/delayed_now[0]
    SLICE_X34Y39         LUT1 (Prop_lut1_I0_O)        0.124     5.299 r  m_dd8_effect/u_dd8_core/i__carry_i_10/O
                         net (fo=1, routed)           0.505     5.804    m_dd8_effect/u_dd8_core/i__carry_i_10_n_0
    SLICE_X29Y39         CARRY4 (Prop_carry4_CYINIT_CO[3])
                                                      0.580     6.384 r  m_dd8_effect/u_dd8_core/i__carry_i_9/CO[3]
                         net (fo=1, routed)           0.000     6.384    m_dd8_effect/u_dd8_core/i__carry_i_9_n_0
    SLICE_X29Y40         CARRY4 (Prop_carry4_CI_CO[3])
                                                      0.114     6.498 r  m_dd8_effect/u_dd8_core/i__carry__0_i_9/CO[3]
                         net (fo=1, routed)           0.000     6.498    m_dd8_effect/u_dd8_core/i__carry__0_i_9_n_0
    SLICE_X29Y41         CARRY4 (Prop_carry4_CI_O[1])
                                                      0.334     6.832 r  m_dd8_effect/u_dd8_core/i__carry__1_i_9/O[1]
                         net (fo=2, routed)           0.629     7.461    m_dd8_effect/u_dd8_core/wet_rep3[10]
    SLICE_X35Y41         LUT5 (Prop_lut5_I2_O)        0.303     7.764 r  m_dd8_effect/u_dd8_core/i__carry__1_i_3/O
                         net (fo=1, routed)           0.481     8.245    m_dd8_effect/u_dd8_core/i__carry__1_i_3_n_0
    SLICE_X32Y41         CARRY4 (Prop_carry4_DI[1]_CO[3])
                                                      0.507     8.752 r  m_dd8_effect/u_dd8_core/_inferred__3/i__carry__1/CO[3]
                         net (fo=1, routed)           0.000     8.752    m_dd8_effect/u_dd8_core/_inferred__3/i__carry__1_n_0
    SLICE_X32Y42         CARRY4 (Prop_carry4_CI_O[2])
                                                      0.239     8.991 r  m_dd8_effect/u_dd8_core/_inferred__3/i__carry__2/O[2]
                         net (fo=1, routed)           0.959     9.950    m_dd8_effect/u_dd8_core/data3[14]
    SLICE_X28Y43         LUT6 (Prop_lut6_I0_O)        0.302    10.252 r  m_dd8_effect/u_dd8_core/wet_mult_i_10/O
                         net (fo=1, routed)           0.955    11.208    m_dd8_effect/u_dd8_core/wet_rep[14]
    DSP48_X0Y17          DSP48E1 (Prop_dsp48e1_A[14]_P[4])
                                                      3.841    15.049 r  m_dd8_effect/u_dd8_core/wet_mult/P[4]
                         net (fo=1, routed)           1.463    16.512    m_i2s2/P[1]
    SLICE_X34Y40         LUT4 (Prop_lut4_I3_O)        0.124    16.636 r  m_i2s2/out_sum_carry_i_7/O
                         net (fo=1, routed)           0.000    16.636    m_dd8_effect/u_dd8_core/S[1]
    SLICE_X34Y40         CARRY4 (Prop_carry4_S[1]_CO[3])
                                                      0.533    17.169 r  m_dd8_effect/u_dd8_core/out_sum_carry/CO[3]
                         net (fo=1, routed)           0.000    17.169    m_dd8_effect/u_dd8_core/out_sum_carry_n_0
    SLICE_X34Y41         CARRY4 (Prop_carry4_CI_CO[3])
                                                      0.117    17.286 r  m_dd8_effect/u_dd8_core/out_sum_carry__0/CO[3]
                         net (fo=1, routed)           0.000    17.286    m_dd8_effect/u_dd8_core/out_sum_carry__0_n_0
    SLICE_X34Y42         CARRY4 (Prop_carry4_CI_CO[3])
                                                      0.117    17.403 r  m_dd8_effect/u_dd8_core/out_sum_carry__1/CO[3]
                         net (fo=1, routed)           0.000    17.403    m_dd8_effect/u_dd8_core/out_sum_carry__1_n_0
    SLICE_X34Y43         CARRY4 (Prop_carry4_CI_CO[3])
                                                      0.117    17.520 r  m_dd8_effect/u_dd8_core/out_sum_carry__2/CO[3]
                         net (fo=1, routed)           0.000    17.520    m_dd8_effect/u_dd8_core/out_sum_carry__2_n_0
    SLICE_X34Y44         CARRY4 (Prop_carry4_CI_CO[3])
                                                      0.117    17.637 r  m_dd8_effect/u_dd8_core/out_sum_carry__3/CO[3]
                         net (fo=1, routed)           0.000    17.637    m_dd8_effect/u_dd8_core/out_sum_carry__3_n_0
    SLICE_X34Y45         CARRY4 (Prop_carry4_CI_CO[3])
                                                      0.117    17.754 r  m_dd8_effect/u_dd8_core/out_sum_carry__4/CO[3]
                         net (fo=1, routed)           0.000    17.754    m_dd8_effect/u_dd8_core/out_sum_carry__4_n_0
    SLICE_X34Y46         CARRY4 (Prop_carry4_CI_O[1])
                                                      0.323    18.077 f  m_dd8_effect/u_dd8_core/out_sum_carry__5/O[1]
                         net (fo=4, routed)           0.816    18.893    m_dd8_effect/u_dd8_core/out_sum_carry__5_n_6
    SLICE_X35Y47         LUT2 (Prop_lut2_I0_O)        0.306    19.199 r  m_dd8_effect/u_dd8_core/i__carry_i_3__0/O
                         net (fo=1, routed)           0.000    19.199    m_dd8_effect/u_dd8_core/i__carry_i_3__0_n_0
    SLICE_X35Y47         CARRY4 (Prop_carry4_S[1]_CO[3])
                                                      0.550    19.749 r  m_dd8_effect/u_dd8_core/dd8_out1_inferred__0/i__carry/CO[3]
                         net (fo=24, routed)          1.426    21.175    m_dd8_effect/u_dd8_core/dd8_out10_in
    SLICE_X36Y41         LUT5 (Prop_lut5_I0_O)        0.124    21.299 r  m_dd8_effect/u_dd8_core/tx_data_l[2]_i_1/O
                         net (fo=2, routed)           0.862    22.162    m_i2s2/rx_data_r_reg[23]_0[2]
    SLICE_X41Y43         FDRE                                         r  m_i2s2/tx_data_l_reg[2]/D
  -------------------------------------------------------------------    -------------------

                         (clock axis_clk_clk_wiz_0_1 rise edge)
                                                     44.267    44.267 r  
    R2                                                0.000    44.267 r  clk (IN)
                         net (fo=0)                   0.000    44.267    m_clk/inst/clk_in1
    R2                   IBUF (Prop_ibuf_I_O)         0.814    45.081 r  m_clk/inst/clkin1_ibufg/O
                         net (fo=1, routed)           1.162    46.243    m_clk/inst/clk_in1_clk_wiz_0
    MMCME2_ADV_X1Y0      MMCME2_ADV (Prop_mmcme2_adv_CLKIN1_CLKOUT0)
                                                     -7.217    39.026 r  m_clk/inst/mmcm_adv_inst/CLKOUT0
                         net (fo=1, routed)           1.581    40.607    m_clk/inst/axis_clk_clk_wiz_0
    BUFGCTRL_X0Y0        BUFG (Prop_bufg_I_O)         0.091    40.698 r  m_clk/inst/clkout1_buf/O
                         net (fo=430, routed)         1.447    42.145    m_i2s2/axis_clk
    SLICE_X41Y43         FDRE                                         r  m_i2s2/tx_data_l_reg[2]/C
                         clock pessimism              0.461    42.607    
                         clock uncertainty           -0.205    42.402    
    SLICE_X41Y43         FDRE (Setup_fdre_C_D)       -0.058    42.344    m_i2s2/tx_data_l_reg[2]
  -------------------------------------------------------------------
                         required time                         42.344    
                         arrival time                         -22.162    
  -------------------------------------------------------------------
                         slack                                 20.182    





Min Delay Paths
--------------------------------------------------------------------------------------
Slack (MET) :             0.220ns  (arrival time - required time)
  Source:                 m_i2s2/tx_data_l_reg[5]/C
                            (rising edge-triggered cell FDRE clocked by axis_clk_clk_wiz_0_1  {rise@0.000ns fall@22.134ns period=44.267ns})
  Destination:            m_i2s2/tx_data_l_shift_reg[5]/D
                            (rising edge-triggered cell FDRE clocked by axis_clk_clk_wiz_0_1  {rise@0.000ns fall@22.134ns period=44.267ns})
  Path Group:             axis_clk_clk_wiz_0_1
  Path Type:              Hold (Min at Fast Process Corner)
  Requirement:            0.000ns  (axis_clk_clk_wiz_0_1 rise@0.000ns - axis_clk_clk_wiz_0_1 rise@0.000ns)
  Data Path Delay:        0.357ns  (logic 0.227ns (63.624%)  route 0.130ns (36.376%))
  Logic Levels:           1  (LUT3=1)
  Clock Path Skew:        0.016ns (DCD - SCD - CPR)
    Destination Clock Delay (DCD):    -0.921ns
    Source Clock Delay      (SCD):    -0.525ns
    Clock Pessimism Removal (CPR):    -0.412ns

    Location             Delay type                Incr(ns)  Path(ns)    Netlist Resource(s)
  -------------------------------------------------------------------    -------------------
                         (clock axis_clk_clk_wiz_0_1 rise edge)
                                                      0.000     0.000 r  
    R2                                                0.000     0.000 r  clk (IN)
                         net (fo=0)                   0.000     0.000    m_clk/inst/clk_in1
    R2                   IBUF (Prop_ibuf_I_O)         0.320     0.320 r  m_clk/inst/clkin1_ibufg/O
                         net (fo=1, routed)           0.440     0.760    m_clk/inst/clk_in1_clk_wiz_0
    MMCME2_ADV_X1Y0      MMCME2_ADV (Prop_mmcme2_adv_CLKIN1_CLKOUT0)
                                                     -2.360    -1.600 r  m_clk/inst/mmcm_adv_inst/CLKOUT0
                         net (fo=1, routed)           0.486    -1.114    m_clk/inst/axis_clk_clk_wiz_0
    BUFGCTRL_X0Y0        BUFG (Prop_bufg_I_O)         0.026    -1.088 r  m_clk/inst/clkout1_buf/O
                         net (fo=430, routed)         0.563    -0.525    m_i2s2/axis_clk
    SLICE_X41Y43         FDRE                                         r  m_i2s2/tx_data_l_reg[5]/C
  -------------------------------------------------------------------    -------------------
    SLICE_X41Y43         FDRE (Prop_fdre_C_Q)         0.128    -0.397 r  m_i2s2/tx_data_l_reg[5]/Q
                         net (fo=1, routed)           0.130    -0.267    m_i2s2/tx_data_l[5]
    SLICE_X42Y43         LUT3 (Prop_lut3_I0_O)        0.099    -0.168 r  m_i2s2/tx_data_l_shift[5]_i_1/O
                         net (fo=1, routed)           0.000    -0.168    m_i2s2/tx_data_l_shift[5]_i_1_n_0
    SLICE_X42Y43         FDRE                                         r  m_i2s2/tx_data_l_shift_reg[5]/D
  -------------------------------------------------------------------    -------------------

                         (clock axis_clk_clk_wiz_0_1 rise edge)
                                                      0.000     0.000 r  
    R2                                                0.000     0.000 r  clk (IN)
                         net (fo=0)                   0.000     0.000    m_clk/inst/clk_in1
    R2                   IBUF (Prop_ibuf_I_O)         0.350     0.350 r  m_clk/inst/clkin1_ibufg/O
                         net (fo=1, routed)           0.480     0.830    m_clk/inst/clk_in1_clk_wiz_0
    MMCME2_ADV_X1Y0      MMCME2_ADV (Prop_mmcme2_adv_CLKIN1_CLKOUT0)
                                                     -3.142    -2.312 r  m_clk/inst/mmcm_adv_inst/CLKOUT0
                         net (fo=1, routed)           0.530    -1.782    m_clk/inst/axis_clk_clk_wiz_0
    BUFGCTRL_X0Y0        BUFG (Prop_bufg_I_O)         0.029    -1.753 r  m_clk/inst/clkout1_buf/O
                         net (fo=430, routed)         0.833    -0.921    m_i2s2/axis_clk
    SLICE_X42Y43         FDRE                                         r  m_i2s2/tx_data_l_shift_reg[5]/C
                         clock pessimism              0.412    -0.509    
    SLICE_X42Y43         FDRE (Hold_fdre_C_D)         0.121    -0.388    m_i2s2/tx_data_l_shift_reg[5]
  -------------------------------------------------------------------
                         required time                          0.388    
                         arrival time                          -0.168    
  -------------------------------------------------------------------
                         slack                                  0.220    





Pulse Width Checks
--------------------------------------------------------------------------------------
Clock Name:         axis_clk_clk_wiz_0_1
Waveform(ns):       { 0.000 22.134 }
Period(ns):         44.267
Sources:            { m_clk/inst/mmcm_adv_inst/CLKOUT0 }

Check Type        Corner  Lib Pin             Reference Pin  Required(ns)  Actual(ns)  Slack(ns)  Location         Pin
Min Period        n/a     RAMB36E1/CLKARDCLK  n/a            3.363         44.267      40.904     RAMB36_X1Y15     m_dd8_effect/u_dd8_core/delay_mem_reg_0_15/CLKARDCLK
Max Period        n/a     MMCME2_ADV/CLKOUT0  n/a            213.360       44.267      169.093    MMCME2_ADV_X1Y0  m_clk/inst/mmcm_adv_inst/CLKOUT0
Low Pulse Width   Slow    FDRE/C              n/a            0.500         22.134      21.634     SLICE_X47Y44     m_dd8_effect/u_dd8_core/wr_ptr_reg[0]/C
High Pulse Width  Fast    FDRE/C              n/a            0.500         22.134      21.634     SLICE_X38Y35     m_dd8_effect/u_dd8_core/lfo_phase_reg[10]/C



---------------------------------------------------------------------------------------------------
From Clock:  clkfbout_clk_wiz_0_1
  To Clock:  clkfbout_clk_wiz_0_1

Setup :           NA  Failing Endpoints,  Worst Slack           NA  ,  Total Violation           NA
Hold  :           NA  Failing Endpoints,  Worst Slack           NA  ,  Total Violation           NA
PW    :            0  Failing Endpoints,  Worst Slack       40.000ns,  Total Violation        0.000ns
---------------------------------------------------------------------------------------------------


Pulse Width Checks
--------------------------------------------------------------------------------------
Clock Name:         clkfbout_clk_wiz_0_1
Waveform(ns):       { 0.000 30.000 }
Period(ns):         60.000
Sources:            { m_clk/inst/mmcm_adv_inst/CLKFBOUT }

Check Type  Corner  Lib Pin             Reference Pin  Required(ns)  Actual(ns)  Slack(ns)  Location         Pin
Min Period  n/a     BUFG/I              n/a            2.155         60.000      57.845     BUFGCTRL_X0Y1    m_clk/inst/clkf_buf/I
Max Period  n/a     MMCME2_ADV/CLKFBIN  n/a            100.000       60.000      40.000     MMCME2_ADV_X1Y0  m_clk/inst/mmcm_adv_inst/CLKFBIN



---------------------------------------------------------------------------------------------------
From Clock:  axis_clk_clk_wiz_0_1
  To Clock:  axis_clk_clk_wiz_0

Setup :            0  Failing Endpoints,  Worst Slack       20.174ns,  Total Violation        0.000ns
Hold  :            0  Failing Endpoints,  Worst Slack        0.006ns,  Total Violation        0.000ns
---------------------------------------------------------------------------------------------------


Max Delay Paths
--------------------------------------------------------------------------------------
Slack (MET) :             20.174ns  (required time - arrival time)
  Source:                 m_dd8_effect/u_dd8_core/delay_mem_reg_0_0/CLKBWRCLK
                            (rising edge-triggered cell RAMB36E1 clocked by axis_clk_clk_wiz_0_1  {rise@0.000ns fall@22.134ns period=44.267ns})
  Destination:            m_i2s2/tx_data_l_reg[2]/D
                            (rising edge-triggered cell FDRE clocked by axis_clk_clk_wiz_0  {rise@0.000ns fall@22.134ns period=44.267ns})
  Path Group:             axis_clk_clk_wiz_0
  Path Type:              Setup (Max at Slow Process Corner)
  Requirement:            44.267ns  (axis_clk_clk_wiz_0 rise@44.267ns - axis_clk_clk_wiz_0_1 rise@0.000ns)
  Data Path Delay:        23.665ns  (logic 12.186ns (51.494%)  route 11.479ns (48.506%))
  Logic Levels:           21  (CARRY4=13 DSP48E1=1 LUT1=1 LUT2=1 LUT4=1 LUT5=2 LUT6=1 RAMB36E1=1)
  Clock Path Skew:        -0.157ns (DCD - SCD + CPR)
    Destination Clock Delay (DCD):    -2.122ns = ( 42.145 - 44.267 ) 
    Source Clock Delay      (SCD):    -1.503ns
    Clock Pessimism Removal (CPR):    0.461ns
  Clock Uncertainty:      0.213ns  ((TSJ^2 + DJ^2)^1/2) / 2 + PE
    Total System Jitter     (TSJ):    0.071ns
    Discrete Jitter          (DJ):    0.421ns
    Phase Error              (PE):    0.000ns
  Clock Domain Crossing:  Inter clock paths are considered valid unless explicitly excluded by timing constraints such as set_clock_groups or set_false_path.

    Location             Delay type                Incr(ns)  Path(ns)    Netlist Resource(s)
  -------------------------------------------------------------------    -------------------
                         (clock axis_clk_clk_wiz_0_1 rise edge)
                                                      0.000     0.000 r  
    R2                                                0.000     0.000 r  clk (IN)
                         net (fo=0)                   0.000     0.000    m_clk/inst/clk_in1
    R2                   IBUF (Prop_ibuf_I_O)         0.854     0.854 r  m_clk/inst/clkin1_ibufg/O
                         net (fo=1, routed)           1.233     2.087    m_clk/inst/clk_in1_clk_wiz_0
    MMCME2_ADV_X1Y0      MMCME2_ADV (Prop_mmcme2_adv_CLKIN1_CLKOUT0)
                                                     -6.961    -4.873 r  m_clk/inst/mmcm_adv_inst/CLKOUT0
                         net (fo=1, routed)           1.661    -3.212    m_clk/inst/axis_clk_clk_wiz_0
    BUFGCTRL_X0Y0        BUFG (Prop_bufg_I_O)         0.096    -3.116 r  m_clk/inst/clkout1_buf/O
                         net (fo=430, routed)         1.613    -1.503    m_dd8_effect/u_dd8_core/axis_clk
    RAMB36_X0Y0          RAMB36E1                                     r  m_dd8_effect/u_dd8_core/delay_mem_reg_0_0/CLKBWRCLK
  -------------------------------------------------------------------    -------------------
    RAMB36_X0Y0          RAMB36E1 (Prop_ramb36e1_CLKBWRCLK_CASCADEOUTB)
                                                      2.872     1.369 r  m_dd8_effect/u_dd8_core/delay_mem_reg_0_0/CASCADEOUTB
                         net (fo=1, routed)           0.065     1.434    m_dd8_effect/u_dd8_core/delay_mem_reg_0_0_n_20
    RAMB36_X0Y1          RAMB36E1 (Prop_ramb36e1_CASCADEINB_DOBDO[0])
                                                      0.425     1.859 f  m_dd8_effect/u_dd8_core/delay_mem_reg_1_0/DOBDO[0]
                         net (fo=5, routed)           3.315     5.175    m_dd8_effect/u_dd8_core/delayed_now[0]
    SLICE_X34Y39         LUT1 (Prop_lut1_I0_O)        0.124     5.299 r  m_dd8_effect/u_dd8_core/i__carry_i_10/O
                         net (fo=1, routed)           0.505     5.804    m_dd8_effect/u_dd8_core/i__carry_i_10_n_0
    SLICE_X29Y39         CARRY4 (Prop_carry4_CYINIT_CO[3])
                                                      0.580     6.384 r  m_dd8_effect/u_dd8_core/i__carry_i_9/CO[3]
                         net (fo=1, routed)           0.000     6.384    m_dd8_effect/u_dd8_core/i__carry_i_9_n_0
    SLICE_X29Y40         CARRY4 (Prop_carry4_CI_CO[3])
                                                      0.114     6.498 r  m_dd8_effect/u_dd8_core/i__carry__0_i_9/CO[3]
                         net (fo=1, routed)           0.000     6.498    m_dd8_effect/u_dd8_core/i__carry__0_i_9_n_0
    SLICE_X29Y41         CARRY4 (Prop_carry4_CI_O[1])
                                                      0.334     6.832 r  m_dd8_effect/u_dd8_core/i__carry__1_i_9/O[1]
                         net (fo=2, routed)           0.629     7.461    m_dd8_effect/u_dd8_core/wet_rep3[10]
    SLICE_X35Y41         LUT5 (Prop_lut5_I2_O)        0.303     7.764 r  m_dd8_effect/u_dd8_core/i__carry__1_i_3/O
                         net (fo=1, routed)           0.481     8.245    m_dd8_effect/u_dd8_core/i__carry__1_i_3_n_0
    SLICE_X32Y41         CARRY4 (Prop_carry4_DI[1]_CO[3])
                                                      0.507     8.752 r  m_dd8_effect/u_dd8_core/_inferred__3/i__carry__1/CO[3]
                         net (fo=1, routed)           0.000     8.752    m_dd8_effect/u_dd8_core/_inferred__3/i__carry__1_n_0
    SLICE_X32Y42         CARRY4 (Prop_carry4_CI_O[2])
                                                      0.239     8.991 r  m_dd8_effect/u_dd8_core/_inferred__3/i__carry__2/O[2]
                         net (fo=1, routed)           0.959     9.950    m_dd8_effect/u_dd8_core/data3[14]
    SLICE_X28Y43         LUT6 (Prop_lut6_I0_O)        0.302    10.252 r  m_dd8_effect/u_dd8_core/wet_mult_i_10/O
                         net (fo=1, routed)           0.955    11.208    m_dd8_effect/u_dd8_core/wet_rep[14]
    DSP48_X0Y17          DSP48E1 (Prop_dsp48e1_A[14]_P[4])
                                                      3.841    15.049 r  m_dd8_effect/u_dd8_core/wet_mult/P[4]
                         net (fo=1, routed)           1.463    16.512    m_i2s2/P[1]
    SLICE_X34Y40         LUT4 (Prop_lut4_I3_O)        0.124    16.636 r  m_i2s2/out_sum_carry_i_7/O
                         net (fo=1, routed)           0.000    16.636    m_dd8_effect/u_dd8_core/S[1]
    SLICE_X34Y40         CARRY4 (Prop_carry4_S[1]_CO[3])
                                                      0.533    17.169 r  m_dd8_effect/u_dd8_core/out_sum_carry/CO[3]
                         net (fo=1, routed)           0.000    17.169    m_dd8_effect/u_dd8_core/out_sum_carry_n_0
    SLICE_X34Y41         CARRY4 (Prop_carry4_CI_CO[3])
                                                      0.117    17.286 r  m_dd8_effect/u_dd8_core/out_sum_carry__0/CO[3]
                         net (fo=1, routed)           0.000    17.286    m_dd8_effect/u_dd8_core/out_sum_carry__0_n_0
    SLICE_X34Y42         CARRY4 (Prop_carry4_CI_CO[3])
                                                      0.117    17.403 r  m_dd8_effect/u_dd8_core/out_sum_carry__1/CO[3]
                         net (fo=1, routed)           0.000    17.403    m_dd8_effect/u_dd8_core/out_sum_carry__1_n_0
    SLICE_X34Y43         CARRY4 (Prop_carry4_CI_CO[3])
                                                      0.117    17.520 r  m_dd8_effect/u_dd8_core/out_sum_carry__2/CO[3]
                         net (fo=1, routed)           0.000    17.520    m_dd8_effect/u_dd8_core/out_sum_carry__2_n_0
    SLICE_X34Y44         CARRY4 (Prop_carry4_CI_CO[3])
                                                      0.117    17.637 r  m_dd8_effect/u_dd8_core/out_sum_carry__3/CO[3]
                         net (fo=1, routed)           0.000    17.637    m_dd8_effect/u_dd8_core/out_sum_carry__3_n_0
    SLICE_X34Y45         CARRY4 (Prop_carry4_CI_CO[3])
                                                      0.117    17.754 r  m_dd8_effect/u_dd8_core/out_sum_carry__4/CO[3]
                         net (fo=1, routed)           0.000    17.754    m_dd8_effect/u_dd8_core/out_sum_carry__4_n_0
    SLICE_X34Y46         CARRY4 (Prop_carry4_CI_O[1])
                                                      0.323    18.077 f  m_dd8_effect/u_dd8_core/out_sum_carry__5/O[1]
                         net (fo=4, routed)           0.816    18.893    m_dd8_effect/u_dd8_core/out_sum_carry__5_n_6
    SLICE_X35Y47         LUT2 (Prop_lut2_I0_O)        0.306    19.199 r  m_dd8_effect/u_dd8_core/i__carry_i_3__0/O
                         net (fo=1, routed)           0.000    19.199    m_dd8_effect/u_dd8_core/i__carry_i_3__0_n_0
    SLICE_X35Y47         CARRY4 (Prop_carry4_S[1]_CO[3])
                                                      0.550    19.749 r  m_dd8_effect/u_dd8_core/dd8_out1_inferred__0/i__carry/CO[3]
                         net (fo=24, routed)          1.426    21.175    m_dd8_effect/u_dd8_core/dd8_out10_in
    SLICE_X36Y41         LUT5 (Prop_lut5_I0_O)        0.124    21.299 r  m_dd8_effect/u_dd8_core/tx_data_l[2]_i_1/O
                         net (fo=2, routed)           0.862    22.162    m_i2s2/rx_data_r_reg[23]_0[2]
    SLICE_X41Y43         FDRE                                         r  m_i2s2/tx_data_l_reg[2]/D
  -------------------------------------------------------------------    -------------------

                         (clock axis_clk_clk_wiz_0 rise edge)
                                                     44.267    44.267 r  
    R2                                                0.000    44.267 r  clk (IN)
                         net (fo=0)                   0.000    44.267    m_clk/inst/clk_in1
    R2                   IBUF (Prop_ibuf_I_O)         0.814    45.081 r  m_clk/inst/clkin1_ibufg/O
                         net (fo=1, routed)           1.162    46.243    m_clk/inst/clk_in1_clk_wiz_0
    MMCME2_ADV_X1Y0      MMCME2_ADV (Prop_mmcme2_adv_CLKIN1_CLKOUT0)
                                                     -7.217    39.026 r  m_clk/inst/mmcm_adv_inst/CLKOUT0
                         net (fo=1, routed)           1.581    40.607    m_clk/inst/axis_clk_clk_wiz_0
    BUFGCTRL_X0Y0        BUFG (Prop_bufg_I_O)         0.091    40.698 r  m_clk/inst/clkout1_buf/O
                         net (fo=430, routed)         1.447    42.145    m_i2s2/axis_clk
    SLICE_X41Y43         FDRE                                         r  m_i2s2/tx_data_l_reg[2]/C
                         clock pessimism              0.461    42.607    
                         clock uncertainty           -0.213    42.393    
    SLICE_X41Y43         FDRE (Setup_fdre_C_D)       -0.058    42.335    m_i2s2/tx_data_l_reg[2]
  -------------------------------------------------------------------
                         required time                         42.335    
                         arrival time                         -22.162    
  -------------------------------------------------------------------
                         slack                                 20.174    





Min Delay Paths
--------------------------------------------------------------------------------------
Slack (MET) :             0.006ns  (arrival time - required time)
  Source:                 m_i2s2/tx_data_l_reg[5]/C
                            (rising edge-triggered cell FDRE clocked by axis_clk_clk_wiz_0_1  {rise@0.000ns fall@22.134ns period=44.267ns})
  Destination:            m_i2s2/tx_data_l_shift_reg[5]/D
                            (rising edge-triggered cell FDRE clocked by axis_clk_clk_wiz_0  {rise@0.000ns fall@22.134ns period=44.267ns})
  Path Group:             axis_clk_clk_wiz_0
  Path Type:              Hold (Min at Fast Process Corner)
  Requirement:            0.000ns  (axis_clk_clk_wiz_0 rise@0.000ns - axis_clk_clk_wiz_0_1 rise@0.000ns)
  Data Path Delay:        0.357ns  (logic 0.227ns (63.624%)  route 0.130ns (36.376%))
  Logic Levels:           1  (LUT3=1)
  Clock Path Skew:        0.016ns (DCD - SCD - CPR)
    Destination Clock Delay (DCD):    -0.921ns
    Source Clock Delay      (SCD):    -0.525ns
    Clock Pessimism Removal (CPR):    -0.412ns
  Clock Uncertainty:      0.213ns  ((TSJ^2 + DJ^2)^1/2) / 2 + PE
    Total System Jitter     (TSJ):    0.071ns
    Discrete Jitter          (DJ):    0.421ns
    Phase Error              (PE):    0.000ns
  Clock Domain Crossing:  Inter clock paths are considered valid unless explicitly excluded by timing constraints such as set_clock_groups or set_false_path.

    Location             Delay type                Incr(ns)  Path(ns)    Netlist Resource(s)
  -------------------------------------------------------------------    -------------------
                         (clock axis_clk_clk_wiz_0_1 rise edge)
                                                      0.000     0.000 r  
    R2                                                0.000     0.000 r  clk (IN)
                         net (fo=0)                   0.000     0.000    m_clk/inst/clk_in1
    R2                   IBUF (Prop_ibuf_I_O)         0.320     0.320 r  m_clk/inst/clkin1_ibufg/O
                         net (fo=1, routed)           0.440     0.760    m_clk/inst/clk_in1_clk_wiz_0
    MMCME2_ADV_X1Y0      MMCME2_ADV (Prop_mmcme2_adv_CLKIN1_CLKOUT0)
                                                     -2.360    -1.600 r  m_clk/inst/mmcm_adv_inst/CLKOUT0
                         net (fo=1, routed)           0.486    -1.114    m_clk/inst/axis_clk_clk_wiz_0
    BUFGCTRL_X0Y0        BUFG (Prop_bufg_I_O)         0.026    -1.088 r  m_clk/inst/clkout1_buf/O
                         net (fo=430, routed)         0.563    -0.525    m_i2s2/axis_clk
    SLICE_X41Y43         FDRE                                         r  m_i2s2/tx_data_l_reg[5]/C
  -------------------------------------------------------------------    -------------------
    SLICE_X41Y43         FDRE (Prop_fdre_C_Q)         0.128    -0.397 r  m_i2s2/tx_data_l_reg[5]/Q
                         net (fo=1, routed)           0.130    -0.267    m_i2s2/tx_data_l[5]
    SLICE_X42Y43         LUT3 (Prop_lut3_I0_O)        0.099    -0.168 r  m_i2s2/tx_data_l_shift[5]_i_1/O
                         net (fo=1, routed)           0.000    -0.168    m_i2s2/tx_data_l_shift[5]_i_1_n_0
    SLICE_X42Y43         FDRE                                         r  m_i2s2/tx_data_l_shift_reg[5]/D
  -------------------------------------------------------------------    -------------------

                         (clock axis_clk_clk_wiz_0 rise edge)
                                                      0.000     0.000 r  
    R2                                                0.000     0.000 r  clk (IN)
                         net (fo=0)                   0.000     0.000    m_clk/inst/clk_in1
    R2                   IBUF (Prop_ibuf_I_O)         0.350     0.350 r  m_clk/inst/clkin1_ibufg/O
                         net (fo=1, routed)           0.480     0.830    m_clk/inst/clk_in1_clk_wiz_0
    MMCME2_ADV_X1Y0      MMCME2_ADV (Prop_mmcme2_adv_CLKIN1_CLKOUT0)
                                                     -3.142    -2.312 r  m_clk/inst/mmcm_adv_inst/CLKOUT0
                         net (fo=1, routed)           0.530    -1.782    m_clk/inst/axis_clk_clk_wiz_0
    BUFGCTRL_X0Y0        BUFG (Prop_bufg_I_O)         0.029    -1.753 r  m_clk/inst/clkout1_buf/O
                         net (fo=430, routed)         0.833    -0.921    m_i2s2/axis_clk
    SLICE_X42Y43         FDRE                                         r  m_i2s2/tx_data_l_shift_reg[5]/C
                         clock pessimism              0.412    -0.509    
                         clock uncertainty            0.213    -0.296    
    SLICE_X42Y43         FDRE (Hold_fdre_C_D)         0.121    -0.175    m_i2s2/tx_data_l_shift_reg[5]
  -------------------------------------------------------------------
                         required time                          0.175    
                         arrival time                          -0.168    
  -------------------------------------------------------------------
                         slack                                  0.006    





---------------------------------------------------------------------------------------------------
From Clock:  axis_clk_clk_wiz_0
  To Clock:  axis_clk_clk_wiz_0_1

Setup :            0  Failing Endpoints,  Worst Slack       20.174ns,  Total Violation        0.000ns
Hold  :            0  Failing Endpoints,  Worst Slack        0.006ns,  Total Violation        0.000ns
---------------------------------------------------------------------------------------------------


Max Delay Paths
--------------------------------------------------------------------------------------
Slack (MET) :             20.174ns  (required time - arrival time)
  Source:                 m_dd8_effect/u_dd8_core/delay_mem_reg_0_0/CLKBWRCLK
                            (rising edge-triggered cell RAMB36E1 clocked by axis_clk_clk_wiz_0  {rise@0.000ns fall@22.134ns period=44.267ns})
  Destination:            m_i2s2/tx_data_l_reg[2]/D
                            (rising edge-triggered cell FDRE clocked by axis_clk_clk_wiz_0_1  {rise@0.000ns fall@22.134ns period=44.267ns})
  Path Group:             axis_clk_clk_wiz_0_1
  Path Type:              Setup (Max at Slow Process Corner)
  Requirement:            44.267ns  (axis_clk_clk_wiz_0_1 rise@44.267ns - axis_clk_clk_wiz_0 rise@0.000ns)
  Data Path Delay:        23.665ns  (logic 12.186ns (51.494%)  route 11.479ns (48.506%))
  Logic Levels:           21  (CARRY4=13 DSP48E1=1 LUT1=1 LUT2=1 LUT4=1 LUT5=2 LUT6=1 RAMB36E1=1)
  Clock Path Skew:        -0.157ns (DCD - SCD + CPR)
    Destination Clock Delay (DCD):    -2.122ns = ( 42.145 - 44.267 ) 
    Source Clock Delay      (SCD):    -1.503ns
    Clock Pessimism Removal (CPR):    0.461ns
  Clock Uncertainty:      0.213ns  ((TSJ^2 + DJ^2)^1/2) / 2 + PE
    Total System Jitter     (TSJ):    0.071ns
    Discrete Jitter          (DJ):    0.421ns
    Phase Error              (PE):    0.000ns
  Clock Domain Crossing:  Inter clock paths are considered valid unless explicitly excluded by timing constraints such as set_clock_groups or set_false_path.

    Location             Delay type                Incr(ns)  Path(ns)    Netlist Resource(s)
  -------------------------------------------------------------------    -------------------
                         (clock axis_clk_clk_wiz_0 rise edge)
                                                      0.000     0.000 r  
    R2                                                0.000     0.000 r  clk (IN)
                         net (fo=0)                   0.000     0.000    m_clk/inst/clk_in1
    R2                   IBUF (Prop_ibuf_I_O)         0.854     0.854 r  m_clk/inst/clkin1_ibufg/O
                         net (fo=1, routed)           1.233     2.087    m_clk/inst/clk_in1_clk_wiz_0
    MMCME2_ADV_X1Y0      MMCME2_ADV (Prop_mmcme2_adv_CLKIN1_CLKOUT0)
                                                     -6.961    -4.873 r  m_clk/inst/mmcm_adv_inst/CLKOUT0
                         net (fo=1, routed)           1.661    -3.212    m_clk/inst/axis_clk_clk_wiz_0
    BUFGCTRL_X0Y0        BUFG (Prop_bufg_I_O)         0.096    -3.116 r  m_clk/inst/clkout1_buf/O
                         net (fo=430, routed)         1.613    -1.503    m_dd8_effect/u_dd8_core/axis_clk
    RAMB36_X0Y0          RAMB36E1                                     r  m_dd8_effect/u_dd8_core/delay_mem_reg_0_0/CLKBWRCLK
  -------------------------------------------------------------------    -------------------
    RAMB36_X0Y0          RAMB36E1 (Prop_ramb36e1_CLKBWRCLK_CASCADEOUTB)
                                                      2.872     1.369 r  m_dd8_effect/u_dd8_core/delay_mem_reg_0_0/CASCADEOUTB
                         net (fo=1, routed)           0.065     1.434    m_dd8_effect/u_dd8_core/delay_mem_reg_0_0_n_20
    RAMB36_X0Y1          RAMB36E1 (Prop_ramb36e1_CASCADEINB_DOBDO[0])
                                                      0.425     1.859 f  m_dd8_effect/u_dd8_core/delay_mem_reg_1_0/DOBDO[0]
                         net (fo=5, routed)           3.315     5.175    m_dd8_effect/u_dd8_core/delayed_now[0]
    SLICE_X34Y39         LUT1 (Prop_lut1_I0_O)        0.124     5.299 r  m_dd8_effect/u_dd8_core/i__carry_i_10/O
                         net (fo=1, routed)           0.505     5.804    m_dd8_effect/u_dd8_core/i__carry_i_10_n_0
    SLICE_X29Y39         CARRY4 (Prop_carry4_CYINIT_CO[3])
                                                      0.580     6.384 r  m_dd8_effect/u_dd8_core/i__carry_i_9/CO[3]
                         net (fo=1, routed)           0.000     6.384    m_dd8_effect/u_dd8_core/i__carry_i_9_n_0
    SLICE_X29Y40         CARRY4 (Prop_carry4_CI_CO[3])
                                                      0.114     6.498 r  m_dd8_effect/u_dd8_core/i__carry__0_i_9/CO[3]
                         net (fo=1, routed)           0.000     6.498    m_dd8_effect/u_dd8_core/i__carry__0_i_9_n_0
    SLICE_X29Y41         CARRY4 (Prop_carry4_CI_O[1])
                                                      0.334     6.832 r  m_dd8_effect/u_dd8_core/i__carry__1_i_9/O[1]
                         net (fo=2, routed)           0.629     7.461    m_dd8_effect/u_dd8_core/wet_rep3[10]
    SLICE_X35Y41         LUT5 (Prop_lut5_I2_O)        0.303     7.764 r  m_dd8_effect/u_dd8_core/i__carry__1_i_3/O
                         net (fo=1, routed)           0.481     8.245    m_dd8_effect/u_dd8_core/i__carry__1_i_3_n_0
    SLICE_X32Y41         CARRY4 (Prop_carry4_DI[1]_CO[3])
                                                      0.507     8.752 r  m_dd8_effect/u_dd8_core/_inferred__3/i__carry__1/CO[3]
                         net (fo=1, routed)           0.000     8.752    m_dd8_effect/u_dd8_core/_inferred__3/i__carry__1_n_0
    SLICE_X32Y42         CARRY4 (Prop_carry4_CI_O[2])
                                                      0.239     8.991 r  m_dd8_effect/u_dd8_core/_inferred__3/i__carry__2/O[2]
                         net (fo=1, routed)           0.959     9.950    m_dd8_effect/u_dd8_core/data3[14]
    SLICE_X28Y43         LUT6 (Prop_lut6_I0_O)        0.302    10.252 r  m_dd8_effect/u_dd8_core/wet_mult_i_10/O
                         net (fo=1, routed)           0.955    11.208    m_dd8_effect/u_dd8_core/wet_rep[14]
    DSP48_X0Y17          DSP48E1 (Prop_dsp48e1_A[14]_P[4])
                                                      3.841    15.049 r  m_dd8_effect/u_dd8_core/wet_mult/P[4]
                         net (fo=1, routed)           1.463    16.512    m_i2s2/P[1]
    SLICE_X34Y40         LUT4 (Prop_lut4_I3_O)        0.124    16.636 r  m_i2s2/out_sum_carry_i_7/O
                         net (fo=1, routed)           0.000    16.636    m_dd8_effect/u_dd8_core/S[1]
    SLICE_X34Y40         CARRY4 (Prop_carry4_S[1]_CO[3])
                                                      0.533    17.169 r  m_dd8_effect/u_dd8_core/out_sum_carry/CO[3]
                         net (fo=1, routed)           0.000    17.169    m_dd8_effect/u_dd8_core/out_sum_carry_n_0
    SLICE_X34Y41         CARRY4 (Prop_carry4_CI_CO[3])
                                                      0.117    17.286 r  m_dd8_effect/u_dd8_core/out_sum_carry__0/CO[3]
                         net (fo=1, routed)           0.000    17.286    m_dd8_effect/u_dd8_core/out_sum_carry__0_n_0
    SLICE_X34Y42         CARRY4 (Prop_carry4_CI_CO[3])
                                                      0.117    17.403 r  m_dd8_effect/u_dd8_core/out_sum_carry__1/CO[3]
                         net (fo=1, routed)           0.000    17.403    m_dd8_effect/u_dd8_core/out_sum_carry__1_n_0
    SLICE_X34Y43         CARRY4 (Prop_carry4_CI_CO[3])
                                                      0.117    17.520 r  m_dd8_effect/u_dd8_core/out_sum_carry__2/CO[3]
                         net (fo=1, routed)           0.000    17.520    m_dd8_effect/u_dd8_core/out_sum_carry__2_n_0
    SLICE_X34Y44         CARRY4 (Prop_carry4_CI_CO[3])
                                                      0.117    17.637 r  m_dd8_effect/u_dd8_core/out_sum_carry__3/CO[3]
                         net (fo=1, routed)           0.000    17.637    m_dd8_effect/u_dd8_core/out_sum_carry__3_n_0
    SLICE_X34Y45         CARRY4 (Prop_carry4_CI_CO[3])
                                                      0.117    17.754 r  m_dd8_effect/u_dd8_core/out_sum_carry__4/CO[3]
                         net (fo=1, routed)           0.000    17.754    m_dd8_effect/u_dd8_core/out_sum_carry__4_n_0
    SLICE_X34Y46         CARRY4 (Prop_carry4_CI_O[1])
                                                      0.323    18.077 f  m_dd8_effect/u_dd8_core/out_sum_carry__5/O[1]
                         net (fo=4, routed)           0.816    18.893    m_dd8_effect/u_dd8_core/out_sum_carry__5_n_6
    SLICE_X35Y47         LUT2 (Prop_lut2_I0_O)        0.306    19.199 r  m_dd8_effect/u_dd8_core/i__carry_i_3__0/O
                         net (fo=1, routed)           0.000    19.199    m_dd8_effect/u_dd8_core/i__carry_i_3__0_n_0
    SLICE_X35Y47         CARRY4 (Prop_carry4_S[1]_CO[3])
                                                      0.550    19.749 r  m_dd8_effect/u_dd8_core/dd8_out1_inferred__0/i__carry/CO[3]
                         net (fo=24, routed)          1.426    21.175    m_dd8_effect/u_dd8_core/dd8_out10_in
    SLICE_X36Y41         LUT5 (Prop_lut5_I0_O)        0.124    21.299 r  m_dd8_effect/u_dd8_core/tx_data_l[2]_i_1/O
                         net (fo=2, routed)           0.862    22.162    m_i2s2/rx_data_r_reg[23]_0[2]
    SLICE_X41Y43         FDRE                                         r  m_i2s2/tx_data_l_reg[2]/D
  -------------------------------------------------------------------    -------------------

                         (clock axis_clk_clk_wiz_0_1 rise edge)
                                                     44.267    44.267 r  
    R2                                                0.000    44.267 r  clk (IN)
                         net (fo=0)                   0.000    44.267    m_clk/inst/clk_in1
    R2                   IBUF (Prop_ibuf_I_O)         0.814    45.081 r  m_clk/inst/clkin1_ibufg/O
                         net (fo=1, routed)           1.162    46.243    m_clk/inst/clk_in1_clk_wiz_0
    MMCME2_ADV_X1Y0      MMCME2_ADV (Prop_mmcme2_adv_CLKIN1_CLKOUT0)
                                                     -7.217    39.026 r  m_clk/inst/mmcm_adv_inst/CLKOUT0
                         net (fo=1, routed)           1.581    40.607    m_clk/inst/axis_clk_clk_wiz_0
    BUFGCTRL_X0Y0        BUFG (Prop_bufg_I_O)         0.091    40.698 r  m_clk/inst/clkout1_buf/O
                         net (fo=430, routed)         1.447    42.145    m_i2s2/axis_clk
    SLICE_X41Y43         FDRE                                         r  m_i2s2/tx_data_l_reg[2]/C
                         clock pessimism              0.461    42.607    
                         clock uncertainty           -0.213    42.393    
    SLICE_X41Y43         FDRE (Setup_fdre_C_D)       -0.058    42.335    m_i2s2/tx_data_l_reg[2]
  -------------------------------------------------------------------
                         required time                         42.335    
                         arrival time                         -22.162    
  -------------------------------------------------------------------
                         slack                                 20.174    





Min Delay Paths
--------------------------------------------------------------------------------------
Slack (MET) :             0.006ns  (arrival time - required time)
  Source:                 m_i2s2/tx_data_l_reg[5]/C
                            (rising edge-triggered cell FDRE clocked by axis_clk_clk_wiz_0  {rise@0.000ns fall@22.134ns period=44.267ns})
  Destination:            m_i2s2/tx_data_l_shift_reg[5]/D
                            (rising edge-triggered cell FDRE clocked by axis_clk_clk_wiz_0_1  {rise@0.000ns fall@22.134ns period=44.267ns})
  Path Group:             axis_clk_clk_wiz_0_1
  Path Type:              Hold (Min at Fast Process Corner)
  Requirement:            0.000ns  (axis_clk_clk_wiz_0_1 rise@0.000ns - axis_clk_clk_wiz_0 rise@0.000ns)
  Data Path Delay:        0.357ns  (logic 0.227ns (63.624%)  route 0.130ns (36.376%))
  Logic Levels:           1  (LUT3=1)
  Clock Path Skew:        0.016ns (DCD - SCD - CPR)
    Destination Clock Delay (DCD):    -0.921ns
    Source Clock Delay      (SCD):    -0.525ns
    Clock Pessimism Removal (CPR):    -0.412ns
  Clock Uncertainty:      0.213ns  ((TSJ^2 + DJ^2)^1/2) / 2 + PE
    Total System Jitter     (TSJ):    0.071ns
    Discrete Jitter          (DJ):    0.421ns
    Phase Error              (PE):    0.000ns
  Clock Domain Crossing:  Inter clock paths are considered valid unless explicitly excluded by timing constraints such as set_clock_groups or set_false_path.

    Location             Delay type                Incr(ns)  Path(ns)    Netlist Resource(s)
  -------------------------------------------------------------------    -------------------
                         (clock axis_clk_clk_wiz_0 rise edge)
                                                      0.000     0.000 r  
    R2                                                0.000     0.000 r  clk (IN)
                         net (fo=0)                   0.000     0.000    m_clk/inst/clk_in1
    R2                   IBUF (Prop_ibuf_I_O)         0.320     0.320 r  m_clk/inst/clkin1_ibufg/O
                         net (fo=1, routed)           0.440     0.760    m_clk/inst/clk_in1_clk_wiz_0
    MMCME2_ADV_X1Y0      MMCME2_ADV (Prop_mmcme2_adv_CLKIN1_CLKOUT0)
                                                     -2.360    -1.600 r  m_clk/inst/mmcm_adv_inst/CLKOUT0
                         net (fo=1, routed)           0.486    -1.114    m_clk/inst/axis_clk_clk_wiz_0
    BUFGCTRL_X0Y0        BUFG (Prop_bufg_I_O)         0.026    -1.088 r  m_clk/inst/clkout1_buf/O
                         net (fo=430, routed)         0.563    -0.525    m_i2s2/axis_clk
    SLICE_X41Y43         FDRE                                         r  m_i2s2/tx_data_l_reg[5]/C
  -------------------------------------------------------------------    -------------------
    SLICE_X41Y43         FDRE (Prop_fdre_C_Q)         0.128    -0.397 r  m_i2s2/tx_data_l_reg[5]/Q
                         net (fo=1, routed)           0.130    -0.267    m_i2s2/tx_data_l[5]
    SLICE_X42Y43         LUT3 (Prop_lut3_I0_O)        0.099    -0.168 r  m_i2s2/tx_data_l_shift[5]_i_1/O
                         net (fo=1, routed)           0.000    -0.168    m_i2s2/tx_data_l_shift[5]_i_1_n_0
    SLICE_X42Y43         FDRE                                         r  m_i2s2/tx_data_l_shift_reg[5]/D
  -------------------------------------------------------------------    -------------------

                         (clock axis_clk_clk_wiz_0_1 rise edge)
                                                      0.000     0.000 r  
    R2                                                0.000     0.000 r  clk (IN)
                         net (fo=0)                   0.000     0.000    m_clk/inst/clk_in1
    R2                   IBUF (Prop_ibuf_I_O)         0.350     0.350 r  m_clk/inst/clkin1_ibufg/O
                         net (fo=1, routed)           0.480     0.830    m_clk/inst/clk_in1_clk_wiz_0
    MMCME2_ADV_X1Y0      MMCME2_ADV (Prop_mmcme2_adv_CLKIN1_CLKOUT0)
                                                     -3.142    -2.312 r  m_clk/inst/mmcm_adv_inst/CLKOUT0
                         net (fo=1, routed)           0.530    -1.782    m_clk/inst/axis_clk_clk_wiz_0
    BUFGCTRL_X0Y0        BUFG (Prop_bufg_I_O)         0.029    -1.753 r  m_clk/inst/clkout1_buf/O
                         net (fo=430, routed)         0.833    -0.921    m_i2s2/axis_clk
    SLICE_X42Y43         FDRE                                         r  m_i2s2/tx_data_l_shift_reg[5]/C
                         clock pessimism              0.412    -0.509    
                         clock uncertainty            0.213    -0.296    
    SLICE_X42Y43         FDRE (Hold_fdre_C_D)         0.121    -0.175    m_i2s2/tx_data_l_shift_reg[5]
  -------------------------------------------------------------------
                         required time                          0.175    
                         arrival time                          -0.168    
  -------------------------------------------------------------------
                         slack                                  0.006    





